--- Testing Registration ---
Registration Failed (Expected if user exists): Error

--- Testing Login ---
Login Failed: Error

--- Testing Invalid Login (Lockout Check) ---
Invalid Login 1: undefined
